{"attachments": [{"name": "example_attachment.txt", "value": "This is an attachment.\r\n\r\nWith three lines in it."}], "fields": [{"name": "extra field 1", "value": "Some extra data"}, {"name": "extra password 1", "value": "Some extra password"}], "notes": "Notes \u00c9\u00e9n \u20ac\u00fbr\u00f2", "password": "Password", "title": "Sample Entry", "url": "https://keepass.info/", "urlhost": "keepass.info", "urlpath": "/", "urlport": "443", "urlscheme": "https", "username": "User Name"}
