{"title":"Sample Entry","username":"User Name","password":"Password","url":"https://keepass.info/","urlscheme":"https","urlhost":"keepass.info","urlport":"443","urlpath":"/","notes":"Notes Één €ûrò","fields":[{"name":"extra field 1","value":"Some extra data"},{"name":"extra password 1","value":"Some extra password"}],"attachments":[{"name":"example_attachment.txt","value":"84 104 105 115 32 105 115 32 97 110 32 97 116 116 97 99 104 109 101 110 116 46 13 10 13 10 87 105 116 104 32 116 104 114 101 101 32 108 105 110 101 115 32 105 110 32 105 116 46"}]}

