{"attachments":[{"name":"example_attachment.txt","value":"54 68 69 73 20 69 73 20 61 6e 20 61 74 74 61 63 68 6d 65 6e 74 2e 0d 0a 0d 0a 57 69 74 68 20 74 68 72 65 65 20 6c 69 6e 65 73 20 69 6e 20 69 74 2e"}],"fields":[{"name":"extra field 1","value":"Some extra data"},{"name":"extra password 1","value":"Some extra password"}],"notes":"Notes \u00c9\u00e9n \u20ac\u00fbr\u00f2","password":"Password","title":"Sample Entry","url":"https://keepass.info/","urlhost":"keepass.info","urlpath":"/","urlport":"443","urlscheme":"https","username":"User Name"}
