{"title":"Sample Entry","username":"User Name","password":"Password","url":"https:\/\/keepass.info\/","urlscheme":"https","urlhost":"keepass.info","urlport":"443","urlpath":"\/","notes":"Notes \u00c9\u00e9n \u20ac\u00fbr\u00f2","fields":{"extra field 1":"Some extra data","extra password 1":"Some extra password"},"attachments":{"example_attachment.txt":"This is an attachment.\r\n\r\nWith three lines in it."}}